[0m19:49:16.864512 [debug] [MainThread]: Sending event: {'category': 'dbt', 'action': 'invocation', 'label': 'start', 'context': [<snowplow_tracker.self_describing_json.SelfDescribingJson object at 0x7b86f9ebb460>, <snowplow_tracker.self_describing_json.SelfDescribingJson object at 0x7b86f8c35240>, <snowplow_tracker.self_describing_json.SelfDescribingJson object at 0x7b86f8c351e0>]}


============================== 19:49:16.867182 | dbedb6fa-abab-4092-b84c-ab3ef38ea3de ==============================
[0m19:49:16.867182 [info ] [MainThread]: Running with dbt=1.10.4
[0m19:49:16.867972 [debug] [MainThread]: running dbt with arguments {'printer_width': '80', 'indirect_selection': 'eager', 'log_cache_events': 'False', 'write_json': 'True', 'partial_parse': 'True', 'cache_selected_only': 'False', 'warn_error': 'None', 'version_check': 'True', 'fail_fast': 'False', 'log_path': '/home/mlogan/projects/baas/odm-2-0/studies/VEXIN-03/dbt/logs', 'debug': 'False', 'profiles_dir': '/home/mlogan/.dbt', 'use_colors': 'True', 'use_experimental_parser': 'False', 'empty': 'None', 'quiet': 'False', 'no_print': 'None', 'log_format': 'default', 'introspect': 'True', 'warn_error_options': 'WarnErrorOptionsV2(error=[], warn=[], silence=[])', 'static_parser': 'True', 'target_path': 'None', 'invocation_command': 'dbt debug', 'send_anonymous_usage_stats': 'True'}
[0m19:49:16.875822 [info ] [MainThread]: dbt version: 1.10.4
[0m19:49:16.877153 [info ] [MainThread]: python version: 3.10.12
[0m19:49:16.877659 [info ] [MainThread]: python path: /home/mlogan/projects/baas/odm-2-0/.venv/bin/python3
[0m19:49:16.878112 [info ] [MainThread]: os info: Linux-6.8.0-111-generic-x86_64-with-glibc2.35
[0m19:49:17.147465 [info ] [MainThread]: Using profiles dir at /home/mlogan/.dbt
[0m19:49:17.148805 [info ] [MainThread]: Using profiles.yml file at /home/mlogan/.dbt/profiles.yml
[0m19:49:17.149783 [info ] [MainThread]: Using dbt_project.yml file at /home/mlogan/projects/baas/odm-2-0/studies/VEXIN-03/dbt/dbt_project.yml
[0m19:49:17.156305 [info ] [MainThread]: adapter type: duckdb
[0m19:49:17.157751 [info ] [MainThread]: adapter version: 1.9.4
[0m19:49:17.458797 [info ] [MainThread]: Configuration:
[0m19:49:17.466575 [info ] [MainThread]:   profiles.yml file [[32mOK found and valid[0m]
[0m19:49:17.467230 [info ] [MainThread]:   dbt_project.yml file [[32mOK found and valid[0m]
[0m19:49:17.467676 [info ] [MainThread]: Required dependencies:
[0m19:49:17.468159 [debug] [MainThread]: Executing "git --help"
[0m19:49:17.473324 [debug] [MainThread]: STDOUT: "b"usage: git [--version] [--help] [-C <path>] [-c <name>=<value>]\n           [--exec-path[=<path>]] [--html-path] [--man-path] [--info-path]\n           [-p | --paginate | -P | --no-pager] [--no-replace-objects] [--bare]\n           [--git-dir=<path>] [--work-tree=<path>] [--namespace=<name>]\n           [--super-prefix=<path>] [--config-env=<name>=<envvar>]\n           <command> [<args>]\n\nThese are common Git commands used in various situations:\n\nstart a working area (see also: git help tutorial)\n   clone     Clone a repository into a new directory\n   init      Create an empty Git repository or reinitialize an existing one\n\nwork on the current change (see also: git help everyday)\n   add       Add file contents to the index\n   mv        Move or rename a file, a directory, or a symlink\n   restore   Restore working tree files\n   rm        Remove files from the working tree and from the index\n\nexamine the history and state (see also: git help revisions)\n   bisect    Use binary search to find the commit that introduced a bug\n   diff      Show changes between commits, commit and working tree, etc\n   grep      Print lines matching a pattern\n   log       Show commit logs\n   show      Show various types of objects\n   status    Show the working tree status\n\ngrow, mark and tweak your common history\n   branch    List, create, or delete branches\n   commit    Record changes to the repository\n   merge     Join two or more development histories together\n   rebase    Reapply commits on top of another base tip\n   reset     Reset current HEAD to the specified state\n   switch    Switch branches\n   tag       Create, list, delete or verify a tag object signed with GPG\n\ncollaborate (see also: git help workflows)\n   fetch     Download objects and refs from another repository\n   pull      Fetch from and integrate with another repository or a local branch\n   push      Update remote refs along with associated objects\n\n'git help -a' and 'git help -g' list available subcommands and some\nconcept guides. See 'git help <command>' or 'git help <concept>'\nto read about a specific subcommand or concept.\nSee 'git help git' for an overview of the system.\n""
[0m19:49:17.473803 [debug] [MainThread]: STDERR: "b''"
[0m19:49:17.474150 [info ] [MainThread]:  - git [[32mOK found[0m]

[0m19:49:17.474973 [info ] [MainThread]: Connection:
[0m19:49:17.475435 [info ] [MainThread]:   database: dev
[0m19:49:17.475846 [info ] [MainThread]:   schema: main
[0m19:49:17.476198 [info ] [MainThread]:   path: dev.duckdb
[0m19:49:17.476618 [info ] [MainThread]:   config_options: None
[0m19:49:17.476948 [info ] [MainThread]:   extensions: None
[0m19:49:17.477311 [info ] [MainThread]:   settings: {}
[0m19:49:17.477679 [info ] [MainThread]:   external_root: .
[0m19:49:17.478024 [info ] [MainThread]:   use_credential_provider: None
[0m19:49:17.478344 [info ] [MainThread]:   attach: None
[0m19:49:17.478736 [info ] [MainThread]:   filesystems: None
[0m19:49:17.479086 [info ] [MainThread]:   remote: None
[0m19:49:17.479465 [info ] [MainThread]:   plugins: None
[0m19:49:17.479814 [info ] [MainThread]:   disable_transactions: False
[0m19:49:17.483494 [info ] [MainThread]: Registered adapter: duckdb=1.9.4
[0m19:49:17.756846 [debug] [MainThread]: Acquiring new duckdb connection 'debug'
[0m19:49:17.819332 [debug] [MainThread]: Using duckdb connection "debug"
[0m19:49:17.820362 [debug] [MainThread]: On debug: select 1 as id
[0m19:49:17.820961 [debug] [MainThread]: Opening a new connection, currently in state init
[0m19:49:17.884427 [debug] [MainThread]: SQL status: OK in 0.063 seconds
[0m19:49:17.886129 [debug] [MainThread]: On debug: Close
[0m19:49:17.894350 [info ] [MainThread]:   Connection test: [[32mOK connection ok[0m]

[0m19:49:17.895672 [info ] [MainThread]: [32mAll checks passed![0m
[0m19:49:17.906920 [debug] [MainThread]: Resource report: {"command_name": "debug", "command_success": true, "command_wall_clock_time": 1.135721, "process_in_blocks": "984", "process_kernel_time": 2.63331, "process_mem_max_rss": "137380", "process_out_blocks": "16", "process_user_time": 0.989552}
[0m19:49:17.907620 [debug] [MainThread]: Command `dbt debug` succeeded at 19:49:17.907475 after 1.14 seconds
[0m19:49:17.910224 [debug] [MainThread]: Connection 'debug' was properly closed.
[0m19:49:17.911702 [debug] [MainThread]: Sending event: {'category': 'dbt', 'action': 'invocation', 'label': 'end', 'context': [<snowplow_tracker.self_describing_json.SelfDescribingJson object at 0x7b86f9ebb460>, <snowplow_tracker.self_describing_json.SelfDescribingJson object at 0x7b86f8c01c60>, <snowplow_tracker.self_describing_json.SelfDescribingJson object at 0x7b86f8a91600>]}
[0m19:49:17.914146 [debug] [MainThread]: Flushing usage events
[0m19:49:18.254269 [debug] [MainThread]: An error was encountered while trying to flush usage events
[0m19:49:43.538702 [debug] [MainThread]: Sending event: {'category': 'dbt', 'action': 'invocation', 'label': 'start', 'context': [<snowplow_tracker.self_describing_json.SelfDescribingJson object at 0x7098d7ebb430>, <snowplow_tracker.self_describing_json.SelfDescribingJson object at 0x7098d6c3c220>, <snowplow_tracker.self_describing_json.SelfDescribingJson object at 0x7098d6c3c1c0>]}


============================== 19:49:43.541478 | e2bf2b0d-c5d4-4c60-8431-513f65750555 ==============================
[0m19:49:43.541478 [info ] [MainThread]: Running with dbt=1.10.4
[0m19:49:43.544973 [debug] [MainThread]: running dbt with arguments {'printer_width': '80', 'indirect_selection': 'eager', 'write_json': 'True', 'log_cache_events': 'False', 'partial_parse': 'True', 'cache_selected_only': 'False', 'profiles_dir': '/home/mlogan/.dbt', 'fail_fast': 'False', 'version_check': 'True', 'log_path': '/home/mlogan/projects/baas/odm-2-0/studies/VEXIN-03/dbt/logs', 'debug': 'False', 'warn_error': 'None', 'use_colors': 'True', 'use_experimental_parser': 'False', 'empty': 'False', 'quiet': 'False', 'no_print': 'None', 'log_format': 'default', 'invocation_command': 'dbt run --select dm --vars {domain: "DM"}', 'introspect': 'True', 'warn_error_options': 'WarnErrorOptionsV2(error=[], warn=[], silence=[])', 'target_path': 'None', 'static_parser': 'True', 'send_anonymous_usage_stats': 'True'}
[0m19:49:44.004698 [debug] [MainThread]: Sending event: {'category': 'dbt', 'action': 'project_id', 'label': 'e2bf2b0d-c5d4-4c60-8431-513f65750555', 'context': [<snowplow_tracker.self_describing_json.SelfDescribingJson object at 0x7098d2d7b730>]}
[0m19:49:44.128915 [debug] [MainThread]: Sending event: {'category': 'dbt', 'action': 'adapter_info', 'label': 'e2bf2b0d-c5d4-4c60-8431-513f65750555', 'context': [<snowplow_tracker.self_describing_json.SelfDescribingJson object at 0x7098d6c3de10>]}
[0m19:49:44.131020 [info ] [MainThread]: Registered adapter: duckdb=1.9.4
[0m19:49:44.334987 [debug] [MainThread]: checksum: 455d2785864b255c1e18478d807791fa13e291e6db4b43cd46302e63ccbd543d, vars: {'domain': 'DM'}, profile: , target: , version: 1.10.4
[0m19:49:44.613685 [debug] [MainThread]: Partial parsing enabled: 0 files deleted, 1 files added, 0 files changed.
[0m19:49:44.614831 [debug] [MainThread]: Partial parsing: added file: VEXIN_03://models/sdtm/dm.sql
[0m19:49:45.266993 [debug] [MainThread]: Sending event: {'category': 'dbt', 'action': 'load_project', 'label': 'e2bf2b0d-c5d4-4c60-8431-513f65750555', 'context': [<snowplow_tracker.self_describing_json.SelfDescribingJson object at 0x7098d29e65c0>]}
[0m19:49:45.436713 [debug] [MainThread]: Wrote artifact WritableManifest to /home/mlogan/projects/baas/odm-2-0/studies/VEXIN-03/dbt/target/manifest.json
[0m19:49:45.441732 [debug] [MainThread]: Wrote artifact SemanticManifest to /home/mlogan/projects/baas/odm-2-0/studies/VEXIN-03/dbt/target/semantic_manifest.json
[0m19:49:45.466926 [debug] [MainThread]: Sending event: {'category': 'dbt', 'action': 'resource_counts', 'label': 'e2bf2b0d-c5d4-4c60-8431-513f65750555', 'context': [<snowplow_tracker.self_describing_json.SelfDescribingJson object at 0x7098d75039a0>]}
[0m19:49:45.467806 [info ] [MainThread]: Found 3 models, 1 seed, 430 macros
[0m19:49:45.468949 [debug] [MainThread]: Sending event: {'category': 'dbt', 'action': 'runnable_timing', 'label': 'e2bf2b0d-c5d4-4c60-8431-513f65750555', 'context': [<snowplow_tracker.self_describing_json.SelfDescribingJson object at 0x7098d6f9e860>]}
[0m19:49:45.471500 [info ] [MainThread]: 
[0m19:49:45.472297 [info ] [MainThread]: Concurrency: 1 threads (target='dev')
[0m19:49:45.472818 [info ] [MainThread]: 
[0m19:49:45.473575 [debug] [MainThread]: Acquiring new duckdb connection 'master'
[0m19:49:45.474758 [debug] [ThreadPool]: Acquiring new duckdb connection 'list_dev'
[0m19:49:45.533446 [debug] [ThreadPool]: Using duckdb connection "list_dev"
[0m19:49:45.534051 [debug] [ThreadPool]: On list_dev: /* {"app": "dbt", "dbt_version": "1.10.4", "profile_name": "VEXIN_03", "target_name": "dev", "connection_name": "list_dev"} */

    
    select schema_name
    from system.information_schema.schemata
    
    where lower(catalog_name) = '"dev"'
    
  
  
[0m19:49:45.536192 [debug] [ThreadPool]: Opening a new connection, currently in state init
[0m19:49:45.576469 [debug] [ThreadPool]: SQL status: OK in 0.040 seconds
[0m19:49:45.583459 [debug] [ThreadPool]: On list_dev: Close
[0m19:49:45.585313 [debug] [ThreadPool]: Re-using an available connection from the pool (formerly list_dev, now create_dev_main)
[0m19:49:45.586439 [debug] [ThreadPool]: Creating schema "database: "dev"
schema: "main"
"
[0m19:49:45.607335 [debug] [ThreadPool]: Using duckdb connection "create_dev_main"
[0m19:49:45.608220 [debug] [ThreadPool]: On create_dev_main: /* {"app": "dbt", "dbt_version": "1.10.4", "profile_name": "VEXIN_03", "target_name": "dev", "connection_name": "create_dev_main"} */

    
        select type from duckdb_databases()
        where lower(database_name)='dev'
        and type='sqlite'
    
  
[0m19:49:45.609167 [debug] [ThreadPool]: Opening a new connection, currently in state closed
[0m19:49:45.638437 [debug] [ThreadPool]: SQL status: OK in 0.029 seconds
[0m19:49:45.641308 [debug] [ThreadPool]: Using duckdb connection "create_dev_main"
[0m19:49:45.644029 [debug] [ThreadPool]: On create_dev_main: BEGIN
[0m19:49:45.644812 [debug] [ThreadPool]: SQL status: OK in 0.000 seconds
[0m19:49:45.645493 [debug] [ThreadPool]: Using duckdb connection "create_dev_main"
[0m19:49:45.645998 [debug] [ThreadPool]: On create_dev_main: /* {"app": "dbt", "dbt_version": "1.10.4", "profile_name": "VEXIN_03", "target_name": "dev", "connection_name": "create_dev_main"} */

    
    
        create schema if not exists "dev"."main"
    
[0m19:49:45.646734 [debug] [ThreadPool]: SQL status: OK in 0.000 seconds
[0m19:49:45.648248 [debug] [ThreadPool]: On create_dev_main: COMMIT
[0m19:49:45.648622 [debug] [ThreadPool]: Using duckdb connection "create_dev_main"
[0m19:49:45.648853 [debug] [ThreadPool]: On create_dev_main: COMMIT
[0m19:49:45.649188 [debug] [ThreadPool]: SQL status: OK in 0.000 seconds
[0m19:49:45.649557 [debug] [ThreadPool]: On create_dev_main: Close
[0m19:49:45.679033 [debug] [ThreadPool]: Re-using an available connection from the pool (formerly create_dev_main, now list_dev_main)
[0m19:49:45.700777 [debug] [ThreadPool]: Using duckdb connection "list_dev_main"
[0m19:49:45.701509 [debug] [ThreadPool]: On list_dev_main: BEGIN
[0m19:49:45.702017 [debug] [ThreadPool]: Opening a new connection, currently in state closed
[0m19:49:45.703042 [debug] [ThreadPool]: SQL status: OK in 0.001 seconds
[0m19:49:45.703651 [debug] [ThreadPool]: Using duckdb connection "list_dev_main"
[0m19:49:45.704223 [debug] [ThreadPool]: On list_dev_main: /* {"app": "dbt", "dbt_version": "1.10.4", "profile_name": "VEXIN_03", "target_name": "dev", "connection_name": "list_dev_main"} */
select
      'dev' as database,
      table_name as name,
      table_schema as schema,
      CASE table_type
        WHEN 'BASE TABLE' THEN 'table'
        WHEN 'VIEW' THEN 'view'
        WHEN 'LOCAL TEMPORARY' THEN 'table'
        END as type
    from system.information_schema.tables
    where lower(table_schema) = 'main'
    and lower(table_catalog) = 'dev'
  
[0m19:49:45.722948 [debug] [ThreadPool]: SQL status: OK in 0.018 seconds
[0m19:49:45.724938 [debug] [ThreadPool]: On list_dev_main: ROLLBACK
[0m19:49:45.727828 [debug] [ThreadPool]: Failed to rollback 'list_dev_main'
[0m19:49:45.728314 [debug] [ThreadPool]: On list_dev_main: Close
[0m19:49:45.730438 [debug] [MainThread]: Sending event: {'category': 'dbt', 'action': 'runnable_timing', 'label': 'e2bf2b0d-c5d4-4c60-8431-513f65750555', 'context': [<snowplow_tracker.self_describing_json.SelfDescribingJson object at 0x7098d2817670>]}
[0m19:49:45.731068 [debug] [MainThread]: Using duckdb connection "master"
[0m19:49:45.731502 [debug] [MainThread]: On master: BEGIN
[0m19:49:45.731912 [debug] [MainThread]: Opening a new connection, currently in state init
[0m19:49:45.732899 [debug] [MainThread]: SQL status: OK in 0.001 seconds
[0m19:49:45.733392 [debug] [MainThread]: On master: COMMIT
[0m19:49:45.733884 [debug] [MainThread]: Using duckdb connection "master"
[0m19:49:45.734301 [debug] [MainThread]: On master: COMMIT
[0m19:49:45.734925 [debug] [MainThread]: SQL status: OK in 0.000 seconds
[0m19:49:45.735535 [debug] [MainThread]: On master: Close
[0m19:49:45.745304 [debug] [Thread-1 (]: Began running node model.VEXIN_03.dm
[0m19:49:45.746411 [info ] [Thread-1 (]: 1 of 1 START sql view model main.dm ............................................ [RUN]
[0m19:49:45.747981 [debug] [Thread-1 (]: Re-using an available connection from the pool (formerly list_dev_main, now model.VEXIN_03.dm)
[0m19:49:45.748650 [debug] [Thread-1 (]: Began compiling node model.VEXIN_03.dm
[0m19:49:45.767834 [debug] [Thread-1 (]: Writing injected SQL for node "model.VEXIN_03.dm"
[0m19:49:45.773342 [debug] [Thread-1 (]: Began executing node model.VEXIN_03.dm
[0m19:49:45.839592 [debug] [Thread-1 (]: Writing runtime sql for node "model.VEXIN_03.dm"
[0m19:49:45.851615 [debug] [Thread-1 (]: Using duckdb connection "model.VEXIN_03.dm"
[0m19:49:45.853977 [debug] [Thread-1 (]: On model.VEXIN_03.dm: BEGIN
[0m19:49:45.854620 [debug] [Thread-1 (]: Opening a new connection, currently in state closed
[0m19:49:45.855791 [debug] [Thread-1 (]: SQL status: OK in 0.001 seconds
[0m19:49:45.856415 [debug] [Thread-1 (]: Using duckdb connection "model.VEXIN_03.dm"
[0m19:49:45.857206 [debug] [Thread-1 (]: On model.VEXIN_03.dm: /* {"app": "dbt", "dbt_version": "1.10.4", "profile_name": "VEXIN_03", "target_name": "dev", "node_id": "model.VEXIN_03.dm"} */

  
  create view "dev"."main"."dm__dbt_tmp" as (
    


-- ============================================
-- Step 2: Build SDTM Domain Variables
-- ============================================
SELECT
    raw_dm.studyid AS STUDYID
    ,raw_dm.domain AS DOMAIN
    -- Injected custom: derive_usubjid.sql
    ,CASE
    WHEN prevstudy IS NULL OR TRIM(CAST(prevstudy AS VARCHAR)) = '' THEN
        CASE
            WHEN prevsubj IS NOT NULL AND TRIM(CAST(prevsubj AS VARCHAR)) <> '' THEN
                -- ERROR: prevstudy is null but prevsubj is not
                NULL
            WHEN rescreennum_raw IS NOT NULL AND TRIM(CAST(rescreennum_raw AS VARCHAR)) <> '' THEN
                CONCAT(project, '-', rescreennum_raw)
            ELSE
                CONCAT(project, '-', subject)
        END
    ELSE
        CASE
            WHEN prevsubj IS NULL OR TRIM(CAST(prevsubj AS VARCHAR)) = '' THEN
                -- ERROR: prevstudy not null but prevsubj is null
                NULL
            ELSE
                CONCAT(prevstudy, '-', prevsubj)
        END
    END AS USUBJID
    ,raw_dm.subject AS SUBJID
    ,NULL AS RFSTDTC
    ,NULL AS RFENDTC
    ,NULL AS RFXSTDTC
    ,NULL AS RFXENDTC
    ,NULL AS RFCSTDTC
    ,NULL AS RFCENDTC
    -- Injected custom: derive_rficdtc.sql
    ,
    CASE 
        WHEN RFICDTC_RAW IS NULL OR TRIM(RFICDTC_RAW) = '' THEN NULL
        ELSE STRFTIME(STRPTIME(RFICDTC_RAW, '%m/%d/%Y'), '%Y-%m-%d')
    END
 AS RFICDTC
    ,NULL AS RFPENDTC
    ,NULL AS DTHDTC
    ,NULL AS DTHFL
    ,raw_dm.siteid AS SITEID
    ,NULL AS INVID
    ,NULL AS INVNAM
    -- Injected custom: derive_brthdtc.sql
    ,
    CASE 
        WHEN BRTHDTC_RAW IS NULL OR TRIM(BRTHDTC_RAW) = '' THEN NULL
        ELSE STRFTIME(STRPTIME(BRTHDTC_RAW, '%m/%d/%Y'), '%Y-%m-%d')
    END
 AS BRTHDTC
    ,NULL AS AGE  -- TODO: Derived variable AGE needs a derivation
    ,NULL AS AGEU
    ,raw_dm.sex AS SEX
    -- Injected custom: derive_race.sql
    ,CASE
    WHEN COALESCE(raceoth, '') = ''
         THEN CASE
             WHEN COALESCE(race_aian, 0) + COALESCE(race_asian, 0) + COALESCE(race_black, 0) + COALESCE(race_nhpi, 0) + COALESCE(race_white, 0) > 1
                 THEN 'MULTIPLE'
             WHEN race_aian = 1 THEN 'AMERICAN INDIAN OR ALASKA NATIVE'
             WHEN race_asian = 1 THEN 'ASIAN'
             WHEN race_black = 1 THEN 'BLACK OR AFRICAN AMERICAN'
             WHEN race_nhpi = 1 THEN 'NATIVE HAWAIIAN OR OTHER PACIFIC ISLANDER'
             WHEN race_white = 1 THEN 'WHITE'
             ELSE NULL
         END
    WHEN COALESCE(raceoth, '') <> ''
         THEN CASE
             WHEN COALESCE(race_aian, 0) + COALESCE(race_asian, 0) + COALESCE(race_black, 0) + COALESCE(race_nhpi, 0) + COALESCE(race_white, 0) >= 1
                 THEN 'MULTIPLE'
             ELSE 'OTHER'
         END
    END AS RACE
    ,raw_dm.ethnic AS ETHNIC
    ,NULL AS ARMCD  -- TODO: Derived variable ARMCD needs a derivation
    ,NULL AS ARM  -- TODO: Derived variable ARM needs a derivation
    ,NULL AS ACTARMCD  -- TODO: Derived variable ACTARMCD needs a derivation
    ,NULL AS ACTARM  -- TODO: Derived variable ACTARM needs a derivation
    ,NULL AS ARMNRS  -- TODO: Derived variable ARMNRS needs a derivation
    ,NULL AS ACTARMUD  -- TODO: Derived variable ACTARMUD needs a derivation
    ,raw_dm.country AS COUNTRY
    -- Injected custom: derive_dmdtc.sql
    ,
    CASE 
        WHEN DMDTC_RAW IS NULL OR TRIM(DMDTC_RAW) = '' THEN NULL
        ELSE STRFTIME(STRPTIME(DMDTC_RAW, '%m/%d/%Y'), '%Y-%m-%d')
    END
 AS DMDTC
    ,NULL AS DMDY
    ,NULL AS QVAL
    -- Injected custom: derive_race.sql
    ,CASE
    WHEN COALESCE(raceoth, '') = ''
         THEN CASE
             WHEN COALESCE(race_aian, 0) + COALESCE(race_asian, 0) + COALESCE(race_black, 0) + COALESCE(race_nhpi, 0) + COALESCE(race_white, 0) > 1
                 THEN 'MULTIPLE'
             WHEN race_aian = 1 THEN 'AMERICAN INDIAN OR ALASKA NATIVE'
             WHEN race_asian = 1 THEN 'ASIAN'
             WHEN race_black = 1 THEN 'BLACK OR AFRICAN AMERICAN'
             WHEN race_nhpi = 1 THEN 'NATIVE HAWAIIAN OR OTHER PACIFIC ISLANDER'
             WHEN race_white = 1 THEN 'WHITE'
             ELSE NULL
         END
    WHEN COALESCE(raceoth, '') <> ''
         THEN CASE
             WHEN COALESCE(race_aian, 0) + COALESCE(race_asian, 0) + COALESCE(race_black, 0) + COALESCE(race_nhpi, 0) + COALESCE(race_white, 0) >= 1
                 THEN 'MULTIPLE'
             ELSE 'OTHER'
         END
    END AS RACE
    -- Injected custom: derive_race.sql
    ,CASE
    WHEN COALESCE(raceoth, '') = ''
         THEN CASE
             WHEN COALESCE(race_aian, 0) + COALESCE(race_asian, 0) + COALESCE(race_black, 0) + COALESCE(race_nhpi, 0) + COALESCE(race_white, 0) > 1
                 THEN 'MULTIPLE'
             WHEN race_aian = 1 THEN 'AMERICAN INDIAN OR ALASKA NATIVE'
             WHEN race_asian = 1 THEN 'ASIAN'
             WHEN race_black = 1 THEN 'BLACK OR AFRICAN AMERICAN'
             WHEN race_nhpi = 1 THEN 'NATIVE HAWAIIAN OR OTHER PACIFIC ISLANDER'
             WHEN race_white = 1 THEN 'WHITE'
             ELSE NULL
         END
    WHEN COALESCE(raceoth, '') <> ''
         THEN CASE
             WHEN COALESCE(race_aian, 0) + COALESCE(race_asian, 0) + COALESCE(race_black, 0) + COALESCE(race_nhpi, 0) + COALESCE(race_white, 0) >= 1
                 THEN 'MULTIPLE'
             ELSE 'OTHER'
         END
    END AS RACE
    -- Injected custom: derive_race.sql
    ,CASE
    WHEN COALESCE(raceoth, '') = ''
         THEN CASE
             WHEN COALESCE(race_aian, 0) + COALESCE(race_asian, 0) + COALESCE(race_black, 0) + COALESCE(race_nhpi, 0) + COALESCE(race_white, 0) > 1
                 THEN 'MULTIPLE'
             WHEN race_aian = 1 THEN 'AMERICAN INDIAN OR ALASKA NATIVE'
             WHEN race_asian = 1 THEN 'ASIAN'
             WHEN race_black = 1 THEN 'BLACK OR AFRICAN AMERICAN'
             WHEN race_nhpi = 1 THEN 'NATIVE HAWAIIAN OR OTHER PACIFIC ISLANDER'
             WHEN race_white = 1 THEN 'WHITE'
             ELSE NULL
         END
    WHEN COALESCE(raceoth, '') <> ''
         THEN CASE
             WHEN COALESCE(race_aian, 0) + COALESCE(race_asian, 0) + COALESCE(race_black, 0) + COALESCE(race_nhpi, 0) + COALESCE(race_white, 0) >= 1
                 THEN 'MULTIPLE'
             ELSE 'OTHER'
         END
    END AS RACE
    -- Injected custom: derive_race.sql
    ,CASE
    WHEN COALESCE(raceoth, '') = ''
         THEN CASE
             WHEN COALESCE(race_aian, 0) + COALESCE(race_asian, 0) + COALESCE(race_black, 0) + COALESCE(race_nhpi, 0) + COALESCE(race_white, 0) > 1
                 THEN 'MULTIPLE'
             WHEN race_aian = 1 THEN 'AMERICAN INDIAN OR ALASKA NATIVE'
             WHEN race_asian = 1 THEN 'ASIAN'
             WHEN race_black = 1 THEN 'BLACK OR AFRICAN AMERICAN'
             WHEN race_nhpi = 1 THEN 'NATIVE HAWAIIAN OR OTHER PACIFIC ISLANDER'
             WHEN race_white = 1 THEN 'WHITE'
             ELSE NULL
         END
    WHEN COALESCE(raceoth, '') <> ''
         THEN CASE
             WHEN COALESCE(race_aian, 0) + COALESCE(race_asian, 0) + COALESCE(race_black, 0) + COALESCE(race_nhpi, 0) + COALESCE(race_white, 0) >= 1
                 THEN 'MULTIPLE'
             ELSE 'OTHER'
         END
    END AS RACE
    -- Injected custom: derive_race.sql
    ,CASE
    WHEN COALESCE(raceoth, '') = ''
         THEN CASE
             WHEN COALESCE(race_aian, 0) + COALESCE(race_asian, 0) + COALESCE(race_black, 0) + COALESCE(race_nhpi, 0) + COALESCE(race_white, 0) > 1
                 THEN 'MULTIPLE'
             WHEN race_aian = 1 THEN 'AMERICAN INDIAN OR ALASKA NATIVE'
             WHEN race_asian = 1 THEN 'ASIAN'
             WHEN race_black = 1 THEN 'BLACK OR AFRICAN AMERICAN'
             WHEN race_nhpi = 1 THEN 'NATIVE HAWAIIAN OR OTHER PACIFIC ISLANDER'
             WHEN race_white = 1 THEN 'WHITE'
             ELSE NULL
         END
    WHEN COALESCE(raceoth, '') <> ''
         THEN CASE
             WHEN COALESCE(race_aian, 0) + COALESCE(race_asian, 0) + COALESCE(race_black, 0) + COALESCE(race_nhpi, 0) + COALESCE(race_white, 0) >= 1
                 THEN 'MULTIPLE'
             ELSE 'OTHER'
         END
    END AS RACE
    -- Injected custom: derive_race.sql
    ,CASE
    WHEN COALESCE(raceoth, '') = ''
         THEN CASE
             WHEN COALESCE(race_aian, 0) + COALESCE(race_asian, 0) + COALESCE(race_black, 0) + COALESCE(race_nhpi, 0) + COALESCE(race_white, 0) > 1
                 THEN 'MULTIPLE'
             WHEN race_aian = 1 THEN 'AMERICAN INDIAN OR ALASKA NATIVE'
             WHEN race_asian = 1 THEN 'ASIAN'
             WHEN race_black = 1 THEN 'BLACK OR AFRICAN AMERICAN'
             WHEN race_nhpi = 1 THEN 'NATIVE HAWAIIAN OR OTHER PACIFIC ISLANDER'
             WHEN race_white = 1 THEN 'WHITE'
             ELSE NULL
         END
    WHEN COALESCE(raceoth, '') <> ''
         THEN CASE
             WHEN COALESCE(race_aian, 0) + COALESCE(race_asian, 0) + COALESCE(race_black, 0) + COALESCE(race_nhpi, 0) + COALESCE(race_white, 0) >= 1
                 THEN 'MULTIPLE'
             ELSE 'OTHER'
         END
    END AS RACE
    ,NULL AS DY  -- TODO: Standard derivation file missing for DY
    ,NULL AS EPOCH  -- TODO: Standard derivation file missing for EPOCH
    ,NULL AS ISSUE_FLAG_USUBJID  -- TODO: Custom derivation file missing for ISSUE_FLAG_USUBJID

FROM "dev"."main"."raw_dm"
  );

[0m19:49:45.860532 [debug] [Thread-1 (]: SQL status: OK in 0.003 seconds
[0m19:49:45.873592 [debug] [Thread-1 (]: Using duckdb connection "model.VEXIN_03.dm"
[0m19:49:45.885118 [debug] [Thread-1 (]: On model.VEXIN_03.dm: /* {"app": "dbt", "dbt_version": "1.10.4", "profile_name": "VEXIN_03", "target_name": "dev", "node_id": "model.VEXIN_03.dm"} */
alter view "dev"."main"."dm" rename to "dm__dbt_backup"
[0m19:49:45.888671 [debug] [Thread-1 (]: SQL status: OK in 0.001 seconds
[0m19:49:45.892677 [debug] [Thread-1 (]: Using duckdb connection "model.VEXIN_03.dm"
[0m19:49:45.897693 [debug] [Thread-1 (]: On model.VEXIN_03.dm: /* {"app": "dbt", "dbt_version": "1.10.4", "profile_name": "VEXIN_03", "target_name": "dev", "node_id": "model.VEXIN_03.dm"} */
alter view "dev"."main"."dm__dbt_tmp" rename to "dm"
[0m19:49:45.898582 [debug] [Thread-1 (]: SQL status: OK in 0.000 seconds
[0m19:49:45.945377 [debug] [Thread-1 (]: On model.VEXIN_03.dm: COMMIT
[0m19:49:45.949870 [debug] [Thread-1 (]: Using duckdb connection "model.VEXIN_03.dm"
[0m19:49:45.951819 [debug] [Thread-1 (]: On model.VEXIN_03.dm: COMMIT
[0m19:49:45.960180 [debug] [Thread-1 (]: SQL status: OK in 0.006 seconds
[0m19:49:45.971045 [debug] [Thread-1 (]: Using duckdb connection "model.VEXIN_03.dm"
[0m19:49:45.971660 [debug] [Thread-1 (]: On model.VEXIN_03.dm: /* {"app": "dbt", "dbt_version": "1.10.4", "profile_name": "VEXIN_03", "target_name": "dev", "node_id": "model.VEXIN_03.dm"} */

      drop view if exists "dev"."main"."dm__dbt_backup" cascade
    
[0m19:49:45.976552 [debug] [Thread-1 (]: SQL status: OK in 0.004 seconds
[0m19:49:45.979562 [debug] [Thread-1 (]: On model.VEXIN_03.dm: Close
[0m19:49:45.981592 [debug] [Thread-1 (]: Sending event: {'category': 'dbt', 'action': 'run_model', 'label': 'e2bf2b0d-c5d4-4c60-8431-513f65750555', 'context': [<snowplow_tracker.self_describing_json.SelfDescribingJson object at 0x7098d94c74f0>]}
[0m19:49:45.982245 [info ] [Thread-1 (]: 1 of 1 OK created sql view model main.dm ....................................... [[32mOK[0m in 0.23s]
[0m19:49:45.983152 [debug] [Thread-1 (]: Finished running node model.VEXIN_03.dm
[0m19:49:45.984169 [debug] [MainThread]: Using duckdb connection "master"
[0m19:49:45.984493 [debug] [MainThread]: On master: BEGIN
[0m19:49:45.984800 [debug] [MainThread]: Opening a new connection, currently in state closed
[0m19:49:45.985534 [debug] [MainThread]: SQL status: OK in 0.001 seconds
[0m19:49:45.985952 [debug] [MainThread]: On master: COMMIT
[0m19:49:45.986491 [debug] [MainThread]: Using duckdb connection "master"
[0m19:49:45.986825 [debug] [MainThread]: On master: COMMIT
[0m19:49:45.987281 [debug] [MainThread]: SQL status: OK in 0.000 seconds
[0m19:49:45.987626 [debug] [MainThread]: On master: Close
[0m19:49:45.988199 [debug] [MainThread]: Connection 'master' was properly closed.
[0m19:49:45.988547 [debug] [MainThread]: Connection 'model.VEXIN_03.dm' was properly closed.
[0m19:49:45.988928 [info ] [MainThread]: 
[0m19:49:45.992189 [info ] [MainThread]: Finished running 1 view model in 0 hours 0 minutes and 0.52 seconds (0.52s).
[0m19:49:45.993305 [debug] [MainThread]: Command end result
[0m19:49:46.043828 [debug] [MainThread]: Wrote artifact WritableManifest to /home/mlogan/projects/baas/odm-2-0/studies/VEXIN-03/dbt/target/manifest.json
[0m19:49:46.048883 [debug] [MainThread]: Wrote artifact SemanticManifest to /home/mlogan/projects/baas/odm-2-0/studies/VEXIN-03/dbt/target/semantic_manifest.json
[0m19:49:46.067602 [debug] [MainThread]: Wrote artifact RunExecutionResult to /home/mlogan/projects/baas/odm-2-0/studies/VEXIN-03/dbt/target/run_results.json
[0m19:49:46.068374 [info ] [MainThread]: 
[0m19:49:46.069412 [info ] [MainThread]: [32mCompleted successfully[0m
[0m19:49:46.070186 [info ] [MainThread]: 
[0m19:49:46.070744 [info ] [MainThread]: Done. PASS=1 WARN=0 ERROR=0 SKIP=0 NO-OP=0 TOTAL=1
[0m19:49:46.071925 [debug] [MainThread]: Resource report: {"command_name": "run", "command_success": true, "command_wall_clock_time": 2.6481256, "process_in_blocks": "1000", "process_kernel_time": 3.190218, "process_mem_max_rss": "148196", "process_out_blocks": "2912", "process_user_time": 1.289662}
[0m19:49:46.072549 [debug] [MainThread]: Command `dbt run` succeeded at 19:49:46.072425 after 2.65 seconds
[0m19:49:46.073082 [debug] [MainThread]: Sending event: {'category': 'dbt', 'action': 'invocation', 'label': 'end', 'context': [<snowplow_tracker.self_describing_json.SelfDescribingJson object at 0x7098d7ebb430>, <snowplow_tracker.self_describing_json.SelfDescribingJson object at 0x7098d749faf0>, <snowplow_tracker.self_describing_json.SelfDescribingJson object at 0x7098d7b7dff0>]}
[0m19:49:46.077580 [debug] [MainThread]: Flushing usage events
[0m19:49:46.380961 [debug] [MainThread]: An error was encountered while trying to flush usage events
